#
# A fatal error has been detected by the Java Runtime Environment:
#
#  Internal Error (symbol.cpp:336), pid=16760, tid=5744
#  fatal error: refcount underflow
#
# JRE version: OpenJDK Runtime Environment Corretto-24.0.2.12.1 (24.0.2+12) (build 24.0.2+12-FR)
# Java VM: OpenJDK 64-Bit Server VM Corretto-24.0.2.12.1 (24.0.2+12-FR, mixed mode, sharing, tiered, compressed oops, compressed class ptrs, g1 gc, windows-amd64)
# Problematic frame:
# V  [jvm.dll+0x8d7c53]
#
# No core dump will be written. Minidumps are not enabled by default on client versions of Windows
#
# If you would like to submit a bug report, please visit:
#   https://github.com/corretto/corretto-24/issues/
#

---------------  S U M M A R Y ------------

Command Line: -javaagent:C:\Users\Student.B21-LT-11\AppData\Local\Programs\IntelliJ IDEA 2026.1\lib\idea_rt.jar=58120 -Dfile.encoding=UTF-8 -Dsun.stdout.encoding=UTF-8 -Dsun.stderr.encoding=UTF-8 org.example.Main

Host: Intel(R) Core(TM) i5-10310U CPU @ 1.70GHz, 8 cores, 15G,  Windows 11 , 64 bit Build 26100 (10.0.26100.7920)
Time: Tue May  5 17:30:15 2026 Eastern Daylight Time elapsed time: 0.414526 seconds (0d 0h 0m 0s)

---------------  T H R E A D  ---------------

Current thread (0x000001d173498df0):  JavaThread "C1 CompilerThread0" daemon [_thread_in_vm, id=5744, stack(0x000000428fd00000,0x000000428fe00000) (1024K)]


Current CompileTask:
C1:414  371       3       jdk.internal.classfile.impl.BufWriterImpl::writeUtfEntry (144 bytes)

Stack: [0x000000428fd00000,0x000000428fe00000],  sp=0x000000428fdff0c0,  free space=1020k
Native frames: (J=compiled Java code, j=interpreted, Vv=VM code, C=native code)
V  [jvm.dll+0x8d7c53]  (no source info available)
V  [jvm.dll+0x2288f4]  (no source info available)
V  [jvm.dll+0x211972]  (no source info available)
V  [jvm.dll+0x2841a7]  (no source info available)
V  [jvm.dll+0x2821d5]  (no source info available)
V  [jvm.dll+0x43946d]  (no source info available)
V  [jvm.dll+0x91908d]  (no source info available)
V  [jvm.dll+0x73af75]  (no source info available)
C  [ucrtbase.dll+0x37b0]  (no source info available)
C  [KERNEL32.DLL+0x2e8d7]  (no source info available)
C  [ntdll.dll+0x8c48c]  (no source info available)




Registers:
RAX=0x000001d151a50000, RBX=0x0000000000000014, RCX=0x00000000e0000000, RDX=0x00007ffaef995818
RSP=0x000000428fdff0c0, RBP=0x000000428fdff250, RSI=0x000001d1734a15c0, RDI=0x00000000000000a0
R8 =0x0000000000000150, R9 =0x00007ffaef995840, R10=0x000001d15178bab0, R11=0x0000000000000200
R12=0x0000000000000000, R13=0x0000000000000000, R14=0x0000000000000048, R15=0x0000000000000020
RIP=0x00007ffaef707c53, EFLAGS=0x0000000000010206

XMM[0]=0x0000000000000000 0x0000000800000000
XMM[1]=0x0000000000000000 0x0000000000000000
XMM[2]=0x0000000000000000 0x0000000000000000
XMM[3]=0x0000000000000000 0x0000000000000000
XMM[4]=0x0000000000000000 0x0000000000000000
XMM[5]=0x0000000000000000 0x0000000000000000
XMM[6]=0x0000000000000000 0x0000000000000000
XMM[7]=0x0000000000000000 0x0000000000000000
XMM[8]=0x0000000000000000 0x0000000000000000
XMM[9]=0x0000000000000000 0x0000000000000000
XMM[10]=0x0000000000000000 0x0000000000000000
XMM[11]=0x0000000000000000 0x0000000000000000
XMM[12]=0x0000000000000000 0x0000000000000000
XMM[13]=0x0000000000000000 0x0000000000000000
XMM[14]=0x0000000000000000 0x0000000000000000
XMM[15]=0x0000000000000000 0x0000000000000000
  MXCSR=0x00001fa0


Register to memory mapping:

RAX=0x000001d151a50000 points into unknown readable memory: 0x0000000000000058 | 58 00 00 00 00 00 00 00
RBX=0x0000000000000014 is an unknown value
RCX=0x00000000e0000000 is an unknown value
RDX=0x00007ffaef995818 jvm.dll
RSP=0x000000428fdff0c0 is pointing into the stack for thread: 0x000001d173498df0
RBP=0x000000428fdff250 is pointing into the stack for thread: 0x000001d173498df0
RSI=0x000001d1734a15c0 points into unknown readable memory: 0x000000428fdff408 | 08 f4 df 8f 42 00 00 00
RDI=0x00000000000000a0 is an unknown value
R8 =0x0000000000000150 is an unknown value
R9 =0x00007ffaef995840 jvm.dll
R10=0x000001d15178bab0 points into unknown readable memory: 0x00007ffaef96d450 | 50 d4 96 ef fa 7f 00 00
R11=0x0000000000000200 is an unknown value
R12=0x0 is null
R13=0x0 is null
R14=0x0000000000000048 is an unknown value
R15=0x0000000000000020 is an unknown value

Top of Stack: (sp=0x000000428fdff0c0)
0x000000428fdff0c0:   000001d1734a11c0 00007ffaef995880   ..Js.....X......
0x000000428fdff0d0:   0000000000000000 00007ffaef995840   ........@X......
0x000000428fdff0e0:   00007ffaefbbcd18 00007ffaef0588f4   ................
0x000000428fdff0f0:   000000428fdff328 00007ffaef7543f9   (...B....Cu.....
0x000000428fdff100:   000001d17346b5e0 000001d173498df0   ..Fs......Is....
0x000000428fdff110:   000000428fdff400 00007ffaef041972   ....B...r.......
0x000000428fdff120:   000001d173498df0 000001d173498df0   ..Is......Is....
0x000000428fdff130:   0000000000000000 00007ffaefbbcd18   ................
0x000000428fdff140:   0000000000000000 00007ffaef0b41a7   .........A......
0x000000428fdff150:   000001d1450693b0 000001d17346b5e0   ...E......Fs....
0x000000428fdff160:   000001d173498df0 0000000000000000   ..Is............
0x000000428fdff170:   000001d1734a1201 000001d1517a0f00   ..Js......zQ....
0x000000428fdff180:   fffffffffffffffe 0000000000000100   ................
0x000000428fdff190:   000000428fdff7d0 00007ffb69cb85cb   ....B......i....
0x000000428fdff1a0:   ffffffff00000000 0000004200000000   ............B...
0x000000428fdff1b0:   000001d100432938 0000000000000000   8)C.............
0x000000428fdff1c0:   0000000000000003 000001d145caa348   ........H..E....
0x000000428fdff1d0:   0000000000000029 000001d173469ab0   ).........Fs....
0x000000428fdff1e0:   000001d1734a15a8 0000000000000001   ..Js............
0x000000428fdff1f0:   000001d100432938 000001d173498df0   8)C.......Is....
0x000000428fdff200:   0000001000000000 00007ffb69dd70b0   .........p.i....
0x000000428fdff210:   000001d100000173 000001d17346b5e0   s.........Fs....
0x000000428fdff220:   000001d1517a0f00 0000000000000000   ..zQ............
0x000000428fdff230:   000001d1734a1200 000001d10047d6a8   ..Js......G.....
0x000000428fdff240:   000001d173498df0 00000000000041fb   ..Is.....A......
0x000000428fdff250:   0000000700000020 0000001000000000    ...............
0x000000428fdff260:   000001d1734a11c0 00000000000003d8   ..Js............
0x000000428fdff270:   000001d1734a1200 000001d1734a15a8   ..Js......Js....
0x000000428fdff280:   0000000000000000 000001d151785e00   .........^xQ....
0x000000428fdff290:   0000000000005bdc 000001d151780150   .[......P.xQ....
0x000000428fdff2a0:   00000000000003ff 0000000000000025   ........%.......
0x000000428fdff2b0:   0000000000005bdc 000001d151784204   .[.......BxQ....

Instructions: (pc=0x00007ffaef707c53)
  0x00007ffaef707b53:   00 33 d2 48 8d 58 01 48 8b cb e8 9e f8 eb ff 0f
  0x00007ffaef707b63:   b7 56 04 48 8d 4e 06 4c 8b cb 4c 8b c0 48 8b f8
  0x00007ffaef707b73:   e8 98 b2 06 00 48 8b 5c 24 30 48 8b c7 48 8b 6c
  0x00007ffaef707b83:   24 38 48 8b 74 24 40 48 83 c4 20 5f c3 48 89 5c
  0x00007ffaef707b93:   24 18 48 89 74 24 20 57 48 83 ec 20 48 8b da 48
  0x00007ffaef707ba3:   8d 71 06 0f b7 51 04 4c 8d 4c 24 30 48 8b ce 4c
  0x00007ffaef707bb3:   8d 44 24 38 e8 d4 ba 06 00 48 63 c8 33 d2 48 03
  0x00007ffaef707bc3:   c9 89 03 e8 35 f8 eb ff 44 8b 03 48 8b f8 45 85
  0x00007ffaef707bd3:   c0 7e 0e 48 8b d0 48 8b ce e8 ef ad 06 00 48 8b
  0x00007ffaef707be3:   c7 48 8b 5c 24 40 48 8b 74 24 48 48 83 c4 20 5f
  0x00007ffaef707bf3:   c3 cc cc cc cc cc cc cc cc cc cc cc cc 48 83 ec
  0x00007ffaef707c03:   28 8b 01 0f b7 d0 81 fa ff ff 00 00 74 18 85 d2
  0x00007ffaef707c13:   74 19 8d 50 ff f0 0f b1 11 74 0b 0f b7 d0 81 fa
  0x00007ffaef707c23:   ff ff 00 00 75 e8 48 83 c4 28 c3 e8 ad 04 00 00
  0x00007ffaef707c33:   48 8b 05 36 b5 41 00 4c 8d 0d ff db 28 00 41 b8
  0x00007ffaef707c43:   50 01 00 00 48 8d 15 ca db 28 00 b9 00 00 00 e0
=>0x00007ffaef707c53:   c6 00 58 e8 a5 90 9d ff cc cc cc cc cc 48 83 ec
  0x00007ffaef707c63:   28 8b 01 0f b7 d0 81 fa ff ff 00 00 74 18 85 d2
  0x00007ffaef707c73:   74 19 8d 50 01 f0 0f b1 11 74 0b 0f b7 d0 81 fa
  0x00007ffaef707c83:   ff ff 00 00 75 e8 48 83 c4 28 c3 e8 4d 04 00 00
  0x00007ffaef707c93:   48 8b 05 d6 b4 41 00 4c 8d 0d 57 db 28 00 41 b8
  0x00007ffaef707ca3:   3b 01 00 00 48 8d 15 6a db 28 00 b9 00 00 00 e0
  0x00007ffaef707cb3:   c6 00 58 e8 45 90 9d ff cc cc cc cc cc 40 55 41
  0x00007ffaef707cc3:   57 48 83 ec 38 49 63 e9 4d 8b f8 45 85 c9 7f 0a
  0x00007ffaef707cd3:   33 c0 48 83 c4 38 41 5f 5d c3 48 89 5c 24 50 48
  0x00007ffaef707ce3:   89 74 24 58 0f b7 71 04 48 89 7c 24 60 48 2b f5
  0x00007ffaef707cf3:   4c 89 64 24 30 4c 89 6c 24 28 4c 8d 69 06 48 63
  0x00007ffaef707d03:   da 49 03 f5 49 03 dd 4c 89 74 24 20 48 3b de 77
  0x00007ffaef707d13:   62 41 0f be 00 0f 1f 84 00 00 00 00 00 4c 8b c6
  0x00007ffaef707d23:   8b d0 4c 2b c3 48 8b cb 49 ff c0 e8 5d c4 11 00
  0x00007ffaef707d33:   48 8b f8 48 85 c0 74 3b 48 8d 58 01 83 fd 02 7f
  0x00007ffaef707d43:   0e 42 0f b6 4c 3d ff 33 d2 38 4c 05 ff eb 14 49


Stack slot to memory mapping:

stack at sp + 0 slots: 0x000001d1734a11c0 points into unknown readable memory: 0x0000000000000000 | 00 00 00 00 00 00 00 00
stack at sp + 1 slots: 0x00007ffaef995880 jvm.dll
stack at sp + 2 slots: 0x0 is null
stack at sp + 3 slots: 0x00007ffaef995840 jvm.dll
stack at sp + 4 slots: 0x00007ffaefbbcd18 jvm.dll
stack at sp + 5 slots: 0x00007ffaef0588f4 jvm.dll
stack at sp + 6 slots: 0x000000428fdff328 is pointing into the stack for thread: 0x000001d173498df0
stack at sp + 7 slots: 0x00007ffaef7543f9 jvm.dll

Lock stack of current Java thread (top to bottom):


---------------  P R O C E S S  ---------------

Threads class SMR info:
_java_thread_list=0x000001d14526eca0, length=15, elements={
0x000001d153c87a50, 0x000001d17347d050, 0x000001d1734817b0, 0x000001d173484300,
0x000001d173484e30, 0x000001d1734864d0, 0x000001d173487ca0, 0x000001d17348d7d0,
0x000001d173498df0, 0x000001d1451b8920, 0x000001d145220790, 0x000001d145220ed0,
0x000001d1458737d0, 0x000001d145873f10, 0x000001d145874650
}

Java Threads: ( => current thread )
  0x000001d153c87a50 JavaThread "main"                              [_thread_in_Java, id=13004, stack(0x000000428ee00000,0x000000428ef00000) (1024K)]
  0x000001d17347d050 JavaThread "Reference Handler"          daemon [_thread_blocked, id=13148, stack(0x000000428f600000,0x000000428f700000) (1024K)]
  0x000001d1734817b0 JavaThread "Finalizer"                  daemon [_thread_blocked, id=1160, stack(0x000000428f700000,0x000000428f800000) (1024K)]
  0x000001d173484300 JavaThread "Signal Dispatcher"          daemon [_thread_blocked, id=12148, stack(0x000000428f800000,0x000000428f900000) (1024K)]
  0x000001d173484e30 JavaThread "Attach Listener"            daemon [_thread_in_Java, id=10412, stack(0x000000428f900000,0x000000428fa00000) (1024K)]
  0x000001d1734864d0 JavaThread "Service Thread"             daemon [_thread_blocked, id=18024, stack(0x000000428fa00000,0x000000428fb00000) (1024K)]
  0x000001d173487ca0 JavaThread "Monitor Deflation Thread"   daemon [_thread_blocked, id=7056, stack(0x000000428fb00000,0x000000428fc00000) (1024K)]
  0x000001d17348d7d0 JavaThread "C2 CompilerThread0"         daemon [_thread_in_native, id=3732, stack(0x000000428fc00000,0x000000428fd00000) (1024K)]
=>0x000001d173498df0 JavaThread "C1 CompilerThread0"         daemon [_thread_in_vm, id=5744, stack(0x000000428fd00000,0x000000428fe00000) (1024K)]
  0x000001d1451b8920 JavaThread "Common-Cleaner"             daemon [_thread_blocked, id=12884, stack(0x000000428fe00000,0x000000428ff00000) (1024K)]
  0x000001d145220790 JavaThread "Monitor Ctrl-Break"         daemon [_thread_in_native, id=7560, stack(0x000000428ff00000,0x0000004290000000) (1024K)]
  0x000001d145220ed0 JavaThread "Notification Thread"        daemon [_thread_blocked, id=17112, stack(0x0000004290000000,0x0000004290100000) (1024K)]
  0x000001d1458737d0 JavaThread "Java2D Disposer"            daemon [_thread_blocked, id=18312, stack(0x0000004290100000,0x0000004290200000) (1024K)]
  0x000001d145873f10 JavaThread "AWT-Shutdown"                      [_thread_blocked, id=6384, stack(0x0000004290200000,0x0000004290300000) (1024K)]
  0x000001d145874650 JavaThread "AWT-Windows"                daemon [_thread_in_native, id=328, stack(0x0000004290300000,0x0000004290400000) (1024K)]
Total: 15

Other Threads:
  0x000001d1733283d0 VMThread "VM Thread"                           [id=13328, stack(0x000000428f500000,0x000000428f600000) (1024K)]
  0x000001d17345da30 WatcherThread "VM Periodic Task Thread"        [id=10044, stack(0x000000428f400000,0x000000428f500000) (1024K)]
  0x000001d153cef0b0 WorkerThread "GC Thread#0"                     [id=12872, stack(0x000000428ef00000,0x000000428f000000) (1024K)]
  0x000001d153d03b00 ConcurrentGCThread "G1 Main Marker"            [id=17260, stack(0x000000428f000000,0x000000428f100000) (1024K)]
  0x000001d153d06470 WorkerThread "G1 Conc#0"                       [id=12760, stack(0x000000428f100000,0x000000428f200000) (1024K)]
  0x000001d1733171a0 ConcurrentGCThread "G1 Refine#0"               [id=12992, stack(0x000000428f200000,0x000000428f300000) (1024K)]
  0x000001d1733187c0 ConcurrentGCThread "G1 Service"                [id=20860, stack(0x000000428f300000,0x000000428f400000) (1024K)]
Total: 7

Threads with active compile tasks:
C2 CompilerThread0  1330  443       4       jdk.internal.classfile.impl.SplitConstantPool::map (161 bytes)
C1 CompilerThread0  1330  371       3       jdk.internal.classfile.impl.BufWriterImpl::writeUtfEntry (144 bytes)
Total: 2

VM state: not at safepoint (normal execution)

VM Mutex/Monitor currently owned by a thread: None

Heap address: 0x0000000705200000, size: 4014 MB, Compressed Oops mode: Zero based, Oop shift amount: 3

CDS archive(s) mapped at: [0x000001d100000000-0x000001d100d40000-0x000001d100d40000), size 13893632, SharedBaseAddress: 0x000001d100000000, ArchiveRelocationMode: 1.
Compressed class space mapped at: 0x000001d101000000-0x000001d141000000, reserved size: 1073741824
UseCompressedClassPointers 1, UseCompactObjectHeaders 0
Narrow klass pointer bits 32, Max shift 3
Narrow klass base: 0x000001d100000000, Narrow klass shift: 0
Encoding Range: [0x000001d100000000 - 0x000001d200000000), (4294967296 bytes)
Klass Range:    [0x000001d100000000 - 0x000001d141000000), (1090519040 bytes)
Klass ID Range:  [8 - 1090519033) (1090519025)

GC Precious Log:
 CardTable entry size: 512
 Card Set container configuration: InlinePtr #cards 4 size 8 Array Of Cards #cards 16 size 48 Howl #buckets 8 coarsen threshold 3686 Howl Bitmap #cards 512 size 80 coarsen threshold 460 Card regions per heap region 1 cards per card region 4096
 CPUs: 8 total, 8 available
 Memory: 16050M
 Large Page Support: Disabled
 NUMA Support: Disabled
 Compressed Oops: Enabled (Zero based)
 Heap Region Size: 2M
 Heap Min Capacity: 8M
 Heap Initial Capacity: 252M
 Heap Max Capacity: 4014M
 Pre-touch: Disabled
 Parallel Workers: 8
 Concurrent Workers: 2
 Concurrent Refinement Workers: 8
 Periodic GC: Disabled

Heap:
 garbage-first heap   total reserved 4110336K, committed 260096K, used 9328K [0x0000000705200000, 0x0000000800000000)
  region size 2048K, 5 young (10240K), 0 survivors (0K)
 Metaspace       used 5323K, committed 5504K, reserved 1114112K
  class space    used 413K, committed 512K, reserved 1048576K

Heap Regions: E=young(eden), S=young(survivor), O=old, HS=humongous(starts), HC=humongous(continues), CS=collection set, F=free, TAMS=top-at-mark-start, PB=parsable bottom
|   0|0x0000000705200000, 0x0000000705200000, 0x0000000705400000|  0%| F|  |TAMS 0x0000000705200000| PB 0x0000000705200000| Untracked |  0
|   1|0x0000000705400000, 0x0000000705400000, 0x0000000705600000|  0%| F|  |TAMS 0x0000000705400000| PB 0x0000000705400000| Untracked |  0
|   2|0x0000000705600000, 0x0000000705600000, 0x0000000705800000|  0%| F|  |TAMS 0x0000000705600000| PB 0x0000000705600000| Untracked |  0
|   3|0x0000000705800000, 0x0000000705800000, 0x0000000705a00000|  0%| F|  |TAMS 0x0000000705800000| PB 0x0000000705800000| Untracked |  0
|   4|0x0000000705a00000, 0x0000000705a00000, 0x0000000705c00000|  0%| F|  |TAMS 0x0000000705a00000| PB 0x0000000705a00000| Untracked |  0
|   5|0x0000000705c00000, 0x0000000705c00000, 0x0000000705e00000|  0%| F|  |TAMS 0x0000000705c00000| PB 0x0000000705c00000| Untracked |  0
|   6|0x0000000705e00000, 0x0000000705e00000, 0x0000000706000000|  0%| F|  |TAMS 0x0000000705e00000| PB 0x0000000705e00000| Untracked |  0
|   7|0x0000000706000000, 0x0000000706000000, 0x0000000706200000|  0%| F|  |TAMS 0x0000000706000000| PB 0x0000000706000000| Untracked |  0
|   8|0x0000000706200000, 0x0000000706200000, 0x0000000706400000|  0%| F|  |TAMS 0x0000000706200000| PB 0x0000000706200000| Untracked |  0
|   9|0x0000000706400000, 0x0000000706400000, 0x0000000706600000|  0%| F|  |TAMS 0x0000000706400000| PB 0x0000000706400000| Untracked |  0
|  10|0x0000000706600000, 0x0000000706600000, 0x0000000706800000|  0%| F|  |TAMS 0x0000000706600000| PB 0x0000000706600000| Untracked |  0
|  11|0x0000000706800000, 0x0000000706800000, 0x0000000706a00000|  0%| F|  |TAMS 0x0000000706800000| PB 0x0000000706800000| Untracked |  0
|  12|0x0000000706a00000, 0x0000000706a00000, 0x0000000706c00000|  0%| F|  |TAMS 0x0000000706a00000| PB 0x0000000706a00000| Untracked |  0
|  13|0x0000000706c00000, 0x0000000706c00000, 0x0000000706e00000|  0%| F|  |TAMS 0x0000000706c00000| PB 0x0000000706c00000| Untracked |  0
|  14|0x0000000706e00000, 0x0000000706e00000, 0x0000000707000000|  0%| F|  |TAMS 0x0000000706e00000| PB 0x0000000706e00000| Untracked |  0
|  15|0x0000000707000000, 0x0000000707000000, 0x0000000707200000|  0%| F|  |TAMS 0x0000000707000000| PB 0x0000000707000000| Untracked |  0
|  16|0x0000000707200000, 0x0000000707200000, 0x0000000707400000|  0%| F|  |TAMS 0x0000000707200000| PB 0x0000000707200000| Untracked |  0
|  17|0x0000000707400000, 0x0000000707400000, 0x0000000707600000|  0%| F|  |TAMS 0x0000000707400000| PB 0x0000000707400000| Untracked |  0
|  18|0x0000000707600000, 0x0000000707600000, 0x0000000707800000|  0%| F|  |TAMS 0x0000000707600000| PB 0x0000000707600000| Untracked |  0
|  19|0x0000000707800000, 0x0000000707800000, 0x0000000707a00000|  0%| F|  |TAMS 0x0000000707800000| PB 0x0000000707800000| Untracked |  0
|  20|0x0000000707a00000, 0x0000000707a00000, 0x0000000707c00000|  0%| F|  |TAMS 0x0000000707a00000| PB 0x0000000707a00000| Untracked |  0
|  21|0x0000000707c00000, 0x0000000707c00000, 0x0000000707e00000|  0%| F|  |TAMS 0x0000000707c00000| PB 0x0000000707c00000| Untracked |  0
|  22|0x0000000707e00000, 0x0000000707e00000, 0x0000000708000000|  0%| F|  |TAMS 0x0000000707e00000| PB 0x0000000707e00000| Untracked |  0
|  23|0x0000000708000000, 0x0000000708000000, 0x0000000708200000|  0%| F|  |TAMS 0x0000000708000000| PB 0x0000000708000000| Untracked |  0
|  24|0x0000000708200000, 0x0000000708200000, 0x0000000708400000|  0%| F|  |TAMS 0x0000000708200000| PB 0x0000000708200000| Untracked |  0
|  25|0x0000000708400000, 0x0000000708400000, 0x0000000708600000|  0%| F|  |TAMS 0x0000000708400000| PB 0x0000000708400000| Untracked |  0
|  26|0x0000000708600000, 0x0000000708600000, 0x0000000708800000|  0%| F|  |TAMS 0x0000000708600000| PB 0x0000000708600000| Untracked |  0
|  27|0x0000000708800000, 0x0000000708800000, 0x0000000708a00000|  0%| F|  |TAMS 0x0000000708800000| PB 0x0000000708800000| Untracked |  0
|  28|0x0000000708a00000, 0x0000000708a00000, 0x0000000708c00000|  0%| F|  |TAMS 0x0000000708a00000| PB 0x0000000708a00000| Untracked |  0
|  29|0x0000000708c00000, 0x0000000708c00000, 0x0000000708e00000|  0%| F|  |TAMS 0x0000000708c00000| PB 0x0000000708c00000| Untracked |  0
|  30|0x0000000708e00000, 0x0000000708e00000, 0x0000000709000000|  0%| F|  |TAMS 0x0000000708e00000| PB 0x0000000708e00000| Untracked |  0
|  31|0x0000000709000000, 0x0000000709000000, 0x0000000709200000|  0%| F|  |TAMS 0x0000000709000000| PB 0x0000000709000000| Untracked |  0
|  32|0x0000000709200000, 0x0000000709200000, 0x0000000709400000|  0%| F|  |TAMS 0x0000000709200000| PB 0x0000000709200000| Untracked |  0
|  33|0x0000000709400000, 0x0000000709400000, 0x0000000709600000|  0%| F|  |TAMS 0x0000000709400000| PB 0x0000000709400000| Untracked |  0
|  34|0x0000000709600000, 0x0000000709600000, 0x0000000709800000|  0%| F|  |TAMS 0x0000000709600000| PB 0x0000000709600000| Untracked |  0
|  35|0x0000000709800000, 0x0000000709800000, 0x0000000709a00000|  0%| F|  |TAMS 0x0000000709800000| PB 0x0000000709800000| Untracked |  0
|  36|0x0000000709a00000, 0x0000000709a00000, 0x0000000709c00000|  0%| F|  |TAMS 0x0000000709a00000| PB 0x0000000709a00000| Untracked |  0
|  37|0x0000000709c00000, 0x0000000709c00000, 0x0000000709e00000|  0%| F|  |TAMS 0x0000000709c00000| PB 0x0000000709c00000| Untracked |  0
|  38|0x0000000709e00000, 0x0000000709e00000, 0x000000070a000000|  0%| F|  |TAMS 0x0000000709e00000| PB 0x0000000709e00000| Untracked |  0
|  39|0x000000070a000000, 0x000000070a000000, 0x000000070a200000|  0%| F|  |TAMS 0x000000070a000000| PB 0x000000070a000000| Untracked |  0
|  40|0x000000070a200000, 0x000000070a200000, 0x000000070a400000|  0%| F|  |TAMS 0x000000070a200000| PB 0x000000070a200000| Untracked |  0
|  41|0x000000070a400000, 0x000000070a400000, 0x000000070a600000|  0%| F|  |TAMS 0x000000070a400000| PB 0x000000070a400000| Untracked |  0
|  42|0x000000070a600000, 0x000000070a600000, 0x000000070a800000|  0%| F|  |TAMS 0x000000070a600000| PB 0x000000070a600000| Untracked |  0
|  43|0x000000070a800000, 0x000000070a800000, 0x000000070aa00000|  0%| F|  |TAMS 0x000000070a800000| PB 0x000000070a800000| Untracked |  0
|  44|0x000000070aa00000, 0x000000070aa00000, 0x000000070ac00000|  0%| F|  |TAMS 0x000000070aa00000| PB 0x000000070aa00000| Untracked |  0
|  45|0x000000070ac00000, 0x000000070ac00000, 0x000000070ae00000|  0%| F|  |TAMS 0x000000070ac00000| PB 0x000000070ac00000| Untracked |  0
|  46|0x000000070ae00000, 0x000000070ae00000, 0x000000070b000000|  0%| F|  |TAMS 0x000000070ae00000| PB 0x000000070ae00000| Untracked |  0
|  47|0x000000070b000000, 0x000000070b000000, 0x000000070b200000|  0%| F|  |TAMS 0x000000070b000000| PB 0x000000070b000000| Untracked |  0
|  48|0x000000070b200000, 0x000000070b200000, 0x000000070b400000|  0%| F|  |TAMS 0x000000070b200000| PB 0x000000070b200000| Untracked |  0
|  49|0x000000070b400000, 0x000000070b400000, 0x000000070b600000|  0%| F|  |TAMS 0x000000070b400000| PB 0x000000070b400000| Untracked |  0
|  50|0x000000070b600000, 0x000000070b600000, 0x000000070b800000|  0%| F|  |TAMS 0x000000070b600000| PB 0x000000070b600000| Untracked |  0
|  51|0x000000070b800000, 0x000000070b800000, 0x000000070ba00000|  0%| F|  |TAMS 0x000000070b800000| PB 0x000000070b800000| Untracked |  0
|  52|0x000000070ba00000, 0x000000070ba00000, 0x000000070bc00000|  0%| F|  |TAMS 0x000000070ba00000| PB 0x000000070ba00000| Untracked |  0
|  53|0x000000070bc00000, 0x000000070bc00000, 0x000000070be00000|  0%| F|  |TAMS 0x000000070bc00000| PB 0x000000070bc00000| Untracked |  0
|  54|0x000000070be00000, 0x000000070be00000, 0x000000070c000000|  0%| F|  |TAMS 0x000000070be00000| PB 0x000000070be00000| Untracked |  0
|  55|0x000000070c000000, 0x000000070c000000, 0x000000070c200000|  0%| F|  |TAMS 0x000000070c000000| PB 0x000000070c000000| Untracked |  0
|  56|0x000000070c200000, 0x000000070c200000, 0x000000070c400000|  0%| F|  |TAMS 0x000000070c200000| PB 0x000000070c200000| Untracked |  0
|  57|0x000000070c400000, 0x000000070c400000, 0x000000070c600000|  0%| F|  |TAMS 0x000000070c400000| PB 0x000000070c400000| Untracked |  0
|  58|0x000000070c600000, 0x000000070c600000, 0x000000070c800000|  0%| F|  |TAMS 0x000000070c600000| PB 0x000000070c600000| Untracked |  0
|  59|0x000000070c800000, 0x000000070c800000, 0x000000070ca00000|  0%| F|  |TAMS 0x000000070c800000| PB 0x000000070c800000| Untracked |  0
|  60|0x000000070ca00000, 0x000000070ca00000, 0x000000070cc00000|  0%| F|  |TAMS 0x000000070ca00000| PB 0x000000070ca00000| Untracked |  0
|  61|0x000000070cc00000, 0x000000070cc00000, 0x000000070ce00000|  0%| F|  |TAMS 0x000000070cc00000| PB 0x000000070cc00000| Untracked |  0
|  62|0x000000070ce00000, 0x000000070ce00000, 0x000000070d000000|  0%| F|  |TAMS 0x000000070ce00000| PB 0x000000070ce00000| Untracked |  0
|  63|0x000000070d000000, 0x000000070d000000, 0x000000070d200000|  0%| F|  |TAMS 0x000000070d000000| PB 0x000000070d000000| Untracked |  0
|  64|0x000000070d200000, 0x000000070d200000, 0x000000070d400000|  0%| F|  |TAMS 0x000000070d200000| PB 0x000000070d200000| Untracked |  0
|  65|0x000000070d400000, 0x000000070d400000, 0x000000070d600000|  0%| F|  |TAMS 0x000000070d400000| PB 0x000000070d400000| Untracked |  0
|  66|0x000000070d600000, 0x000000070d600000, 0x000000070d800000|  0%| F|  |TAMS 0x000000070d600000| PB 0x000000070d600000| Untracked |  0
|  67|0x000000070d800000, 0x000000070d800000, 0x000000070da00000|  0%| F|  |TAMS 0x000000070d800000| PB 0x000000070d800000| Untracked |  0
|  68|0x000000070da00000, 0x000000070da00000, 0x000000070dc00000|  0%| F|  |TAMS 0x000000070da00000| PB 0x000000070da00000| Untracked |  0
|  69|0x000000070dc00000, 0x000000070dc00000, 0x000000070de00000|  0%| F|  |TAMS 0x000000070dc00000| PB 0x000000070dc00000| Untracked |  0
|  70|0x000000070de00000, 0x000000070de00000, 0x000000070e000000|  0%| F|  |TAMS 0x000000070de00000| PB 0x000000070de00000| Untracked |  0
|  71|0x000000070e000000, 0x000000070e000000, 0x000000070e200000|  0%| F|  |TAMS 0x000000070e000000| PB 0x000000070e000000| Untracked |  0
|  72|0x000000070e200000, 0x000000070e200000, 0x000000070e400000|  0%| F|  |TAMS 0x000000070e200000| PB 0x000000070e200000| Untracked |  0
|  73|0x000000070e400000, 0x000000070e400000, 0x000000070e600000|  0%| F|  |TAMS 0x000000070e400000| PB 0x000000070e400000| Untracked |  0
|  74|0x000000070e600000, 0x000000070e600000, 0x000000070e800000|  0%| F|  |TAMS 0x000000070e600000| PB 0x000000070e600000| Untracked |  0
|  75|0x000000070e800000, 0x000000070e800000, 0x000000070ea00000|  0%| F|  |TAMS 0x000000070e800000| PB 0x000000070e800000| Untracked |  0
|  76|0x000000070ea00000, 0x000000070ea00000, 0x000000070ec00000|  0%| F|  |TAMS 0x000000070ea00000| PB 0x000000070ea00000| Untracked |  0
|  77|0x000000070ec00000, 0x000000070ec00000, 0x000000070ee00000|  0%| F|  |TAMS 0x000000070ec00000| PB 0x000000070ec00000| Untracked |  0
|  78|0x000000070ee00000, 0x000000070ee00000, 0x000000070f000000|  0%| F|  |TAMS 0x000000070ee00000| PB 0x000000070ee00000| Untracked |  0
|  79|0x000000070f000000, 0x000000070f000000, 0x000000070f200000|  0%| F|  |TAMS 0x000000070f000000| PB 0x000000070f000000| Untracked |  0
|  80|0x000000070f200000, 0x000000070f200000, 0x000000070f400000|  0%| F|  |TAMS 0x000000070f200000| PB 0x000000070f200000| Untracked |  0
|  81|0x000000070f400000, 0x000000070f400000, 0x000000070f600000|  0%| F|  |TAMS 0x000000070f400000| PB 0x000000070f400000| Untracked |  0
|  82|0x000000070f600000, 0x000000070f600000, 0x000000070f800000|  0%| F|  |TAMS 0x000000070f600000| PB 0x000000070f600000| Untracked |  0
|  83|0x000000070f800000, 0x000000070f800000, 0x000000070fa00000|  0%| F|  |TAMS 0x000000070f800000| PB 0x000000070f800000| Untracked |  0
|  84|0x000000070fa00000, 0x000000070fa00000, 0x000000070fc00000|  0%| F|  |TAMS 0x000000070fa00000| PB 0x000000070fa00000| Untracked |  0
|  85|0x000000070fc00000, 0x000000070fc00000, 0x000000070fe00000|  0%| F|  |TAMS 0x000000070fc00000| PB 0x000000070fc00000| Untracked |  0
|  86|0x000000070fe00000, 0x000000070fe00000, 0x0000000710000000|  0%| F|  |TAMS 0x000000070fe00000| PB 0x000000070fe00000| Untracked |  0
|  87|0x0000000710000000, 0x0000000710000000, 0x0000000710200000|  0%| F|  |TAMS 0x0000000710000000| PB 0x0000000710000000| Untracked |  0
|  88|0x0000000710200000, 0x0000000710200000, 0x0000000710400000|  0%| F|  |TAMS 0x0000000710200000| PB 0x0000000710200000| Untracked |  0
|  89|0x0000000710400000, 0x0000000710400000, 0x0000000710600000|  0%| F|  |TAMS 0x0000000710400000| PB 0x0000000710400000| Untracked |  0
|  90|0x0000000710600000, 0x0000000710600000, 0x0000000710800000|  0%| F|  |TAMS 0x0000000710600000| PB 0x0000000710600000| Untracked |  0
|  91|0x0000000710800000, 0x0000000710800000, 0x0000000710a00000|  0%| F|  |TAMS 0x0000000710800000| PB 0x0000000710800000| Untracked |  0
|  92|0x0000000710a00000, 0x0000000710a00000, 0x0000000710c00000|  0%| F|  |TAMS 0x0000000710a00000| PB 0x0000000710a00000| Untracked |  0
|  93|0x0000000710c00000, 0x0000000710c00000, 0x0000000710e00000|  0%| F|  |TAMS 0x0000000710c00000| PB 0x0000000710c00000| Untracked |  0
|  94|0x0000000710e00000, 0x0000000710e00000, 0x0000000711000000|  0%| F|  |TAMS 0x0000000710e00000| PB 0x0000000710e00000| Untracked |  0
|  95|0x0000000711000000, 0x0000000711000000, 0x0000000711200000|  0%| F|  |TAMS 0x0000000711000000| PB 0x0000000711000000| Untracked |  0
|  96|0x0000000711200000, 0x0000000711200000, 0x0000000711400000|  0%| F|  |TAMS 0x0000000711200000| PB 0x0000000711200000| Untracked |  0
|  97|0x0000000711400000, 0x0000000711400000, 0x0000000711600000|  0%| F|  |TAMS 0x0000000711400000| PB 0x0000000711400000| Untracked |  0
|  98|0x0000000711600000, 0x0000000711600000, 0x0000000711800000|  0%| F|  |TAMS 0x0000000711600000| PB 0x0000000711600000| Untracked |  0
|  99|0x0000000711800000, 0x0000000711800000, 0x0000000711a00000|  0%| F|  |TAMS 0x0000000711800000| PB 0x0000000711800000| Untracked |  0
| 100|0x0000000711a00000, 0x0000000711a00000, 0x0000000711c00000|  0%| F|  |TAMS 0x0000000711a00000| PB 0x0000000711a00000| Untracked |  0
| 101|0x0000000711c00000, 0x0000000711c00000, 0x0000000711e00000|  0%| F|  |TAMS 0x0000000711c00000| PB 0x0000000711c00000| Untracked |  0
| 102|0x0000000711e00000, 0x0000000711e00000, 0x0000000712000000|  0%| F|  |TAMS 0x0000000711e00000| PB 0x0000000711e00000| Untracked |  0
| 103|0x0000000712000000, 0x0000000712000000, 0x0000000712200000|  0%| F|  |TAMS 0x0000000712000000| PB 0x0000000712000000| Untracked |  0
| 104|0x0000000712200000, 0x0000000712200000, 0x0000000712400000|  0%| F|  |TAMS 0x0000000712200000| PB 0x0000000712200000| Untracked |  0
| 105|0x0000000712400000, 0x0000000712400000, 0x0000000712600000|  0%| F|  |TAMS 0x0000000712400000| PB 0x0000000712400000| Untracked |  0
| 106|0x0000000712600000, 0x0000000712600000, 0x0000000712800000|  0%| F|  |TAMS 0x0000000712600000| PB 0x0000000712600000| Untracked |  0
| 107|0x0000000712800000, 0x0000000712800000, 0x0000000712a00000|  0%| F|  |TAMS 0x0000000712800000| PB 0x0000000712800000| Untracked |  0
| 108|0x0000000712a00000, 0x0000000712a00000, 0x0000000712c00000|  0%| F|  |TAMS 0x0000000712a00000| PB 0x0000000712a00000| Untracked |  0
| 109|0x0000000712c00000, 0x0000000712c00000, 0x0000000712e00000|  0%| F|  |TAMS 0x0000000712c00000| PB 0x0000000712c00000| Untracked |  0
| 110|0x0000000712e00000, 0x0000000712e00000, 0x0000000713000000|  0%| F|  |TAMS 0x0000000712e00000| PB 0x0000000712e00000| Untracked |  0
| 111|0x0000000713000000, 0x0000000713000000, 0x0000000713200000|  0%| F|  |TAMS 0x0000000713000000| PB 0x0000000713000000| Untracked |  0
| 112|0x0000000713200000, 0x0000000713200000, 0x0000000713400000|  0%| F|  |TAMS 0x0000000713200000| PB 0x0000000713200000| Untracked |  0
| 113|0x0000000713400000, 0x0000000713400000, 0x0000000713600000|  0%| F|  |TAMS 0x0000000713400000| PB 0x0000000713400000| Untracked |  0
| 114|0x0000000713600000, 0x0000000713600000, 0x0000000713800000|  0%| F|  |TAMS 0x0000000713600000| PB 0x0000000713600000| Untracked |  0
| 115|0x0000000713800000, 0x0000000713800000, 0x0000000713a00000|  0%| F|  |TAMS 0x0000000713800000| PB 0x0000000713800000| Untracked |  0
| 116|0x0000000713a00000, 0x0000000713a00000, 0x0000000713c00000|  0%| F|  |TAMS 0x0000000713a00000| PB 0x0000000713a00000| Untracked |  0
| 117|0x0000000713c00000, 0x0000000713c00000, 0x0000000713e00000|  0%| F|  |TAMS 0x0000000713c00000| PB 0x0000000713c00000| Untracked |  0
| 118|0x0000000713e00000, 0x0000000713e00000, 0x0000000714000000|  0%| F|  |TAMS 0x0000000713e00000| PB 0x0000000713e00000| Untracked |  0
| 119|0x0000000714000000, 0x0000000714000000, 0x0000000714200000|  0%| F|  |TAMS 0x0000000714000000| PB 0x0000000714000000| Untracked |  0
| 120|0x0000000714200000, 0x0000000714200000, 0x0000000714400000|  0%| F|  |TAMS 0x0000000714200000| PB 0x0000000714200000| Untracked |  0
| 121|0x0000000714400000, 0x00000007145eb9a8, 0x0000000714600000| 96%| E|  |TAMS 0x0000000714400000| PB 0x0000000714400000| Complete |  0
| 122|0x0000000714600000, 0x0000000714800000, 0x0000000714800000|100%| E|CS|TAMS 0x0000000714600000| PB 0x0000000714600000| Complete |  0
| 123|0x0000000714800000, 0x0000000714a00000, 0x0000000714a00000|100%| E|CS|TAMS 0x0000000714800000| PB 0x0000000714800000| Complete |  0
| 124|0x0000000714a00000, 0x0000000714c00000, 0x0000000714c00000|100%| E|CS|TAMS 0x0000000714a00000| PB 0x0000000714a00000| Complete |  0
| 125|0x0000000714c00000, 0x0000000714e00000, 0x0000000714e00000|100%| E|CS|TAMS 0x0000000714c00000| PB 0x0000000714c00000| Complete |  0
|2006|0x00000007ffe00000, 0x00000007fff1c330, 0x0000000800000000| 55%| O|  |TAMS 0x00000007ffe00000| PB 0x00000007ffe00000| Untracked |  0

Card table byte_map: [0x000001d16c3a0000,0x000001d16cb80000] _byte_map_base: 0x000001d168b77000

Marking Bits: (CMBitMap*) 0x000001d153cef7c0
 Bits: [0x000001d16cb80000, 0x000001d170a38000)

Polling page: 0x000001d151a60000

Metaspace:

Usage:
  Non-class:      4.82 MB used.
      Class:    421.40 KB used.
       Both:      5.23 MB used.

Virtual space:
  Non-class space:       64.00 MB reserved,       4.94 MB (  8%) committed,  1 nodes.
      Class space:        1.00 GB reserved,     512.00 KB ( <1%) committed,  1 nodes.
             Both:        1.06 GB reserved,       5.44 MB ( <1%) committed. 

Chunk freelists:
   Non-Class:  10.86 MB
       Class:  15.52 MB
        Both:  26.38 MB

MaxMetaspaceSize: unlimited
CompressedClassSpaceSize: 1.00 GB
Initial GC threshold: 21.00 MB
Current GC threshold: 21.00 MB
CDS: on
 - commit_granule_bytes: 65536.
 - commit_granule_words: 8192.
 - virtual_space_node_default_size: 8388608.
 - enlarge_chunks_in_place: 1.
UseCompressedClassPointers 1, UseCompactObjectHeaders 0
Narrow klass pointer bits 32, Max shift 3
Narrow klass base: 0x000001d100000000, Narrow klass shift: 0
Encoding Range: [0x000001d100000000 - 0x000001d200000000), (4294967296 bytes)
Klass Range:    [0x000001d100000000 - 0x000001d141000000), (1090519040 bytes)
Klass ID Range:  [8 - 1090519033) (1090519025)


Internal statistics:

num_allocs_failed_limit: 0.
num_arena_births: 56.
num_arena_deaths: 0.
num_vsnodes_births: 2.
num_vsnodes_deaths: 0.
num_space_committed: 87.
num_space_uncommitted: 0.
num_chunks_returned_to_freelist: 0.
num_chunks_taken_from_freelist: 73.
num_chunk_merges: 0.
num_chunk_splits: 47.
num_chunks_enlarged: 28.
num_inconsistent_stats: 0.

CodeHeap 'non-profiled nmethods': size=120064Kb used=153Kb max_used=153Kb free=119910Kb
 bounds [0x000001d164240000, 0x000001d1644b0000, 0x000001d16b780000]
CodeHeap 'profiled nmethods': size=120000Kb used=416Kb max_used=416Kb free=119583Kb
 bounds [0x000001d15c780000, 0x000001d15c9f0000, 0x000001d163cb0000]
CodeHeap 'non-nmethods': size=5696Kb used=1355Kb max_used=1374Kb free=4340Kb
 bounds [0x000001d163cb0000, 0x000001d163f20000, 0x000001d164240000]
CodeCache: size=245760Kb, used=1924Kb, max_used=1943Kb, free=243833Kb
 total_blobs=922, nmethods=397, adapters=431, full_count=0
Compilation: enabled, stopped_count=0, restarted_count=0

Compilation events (20 events):
Event: 0.380 Thread 0x000001d173498df0  341       1       java.lang.constant.ClassDesc::isPrimitive (2 bytes)
Event: 0.380 Thread 0x000001d173498df0 nmethod 341 0x000001d16425d208 code [0x000001d16425d300, 0x000001d16425d3c8]
Event: 0.380 Thread 0x000001d173498df0  353       1       java.lang.invoke.MethodTypeForm::basicType (5 bytes)
Event: 0.380 Thread 0x000001d173498df0 nmethod 353 0x000001d16425d508 code [0x000001d16425d600, 0x000001d16425d6c8]
Event: 0.380 Thread 0x000001d173498df0  345       1       jdk.internal.classfile.impl.AbstractPoolEntry$Utf8EntryImpl::tag (2 bytes)
Event: 0.380 Thread 0x000001d173498df0 nmethod 345 0x000001d16425d808 code [0x000001d16425d900, 0x000001d16425d9c8]
Event: 0.380 Thread 0x000001d173498df0  355       3       java.util.HashSet::contains (9 bytes)
Event: 0.380 Thread 0x000001d173498df0 nmethod 355 0x000001d15c7e3308 code [0x000001d15c7e3440, 0x000001d15c7e3730]
Event: 0.382 Thread 0x000001d173498df0  362       3       java.lang.StringConcatHelper::newArray (28 bytes)
Event: 0.383 Thread 0x000001d173498df0 nmethod 362 0x000001d15c7e3788 code [0x000001d15c7e38c0, 0x000001d15c7e3c48]
Event: 0.383 Thread 0x000001d173498df0  369       3       jdk.internal.misc.Unsafe::allocateUninitializedArray0 (90 bytes)
Event: 0.383 Thread 0x000001d173498df0 nmethod 369 0x000001d15c7e3c88 code [0x000001d15c7e3e20, 0x000001d15c7e46b0]
Event: 0.383 Thread 0x000001d173498df0  361       1       java.lang.invoke.LambdaForm$Name::index (5 bytes)
Event: 0.383 Thread 0x000001d173498df0 nmethod 361 0x000001d16425ea08 code [0x000001d16425eb00, 0x000001d16425ebc8]
Event: 0.383 Thread 0x000001d173498df0  366       3       jdk.internal.util.ModifiedUtf::utfLen (58 bytes)
Event: 0.384 Thread 0x000001d173498df0 nmethod 366 0x000001d15c7e4708 code [0x000001d15c7e48a0, 0x000001d15c7e5238]
Event: 0.384 Thread 0x000001d173498df0  368       3       java.lang.String::getBytes (60 bytes)
Event: 0.385 Thread 0x000001d173498df0 nmethod 368 0x000001d15c7e5308 code [0x000001d15c7e54e0, 0x000001d15c7e5ea0]
Event: 0.385 Thread 0x000001d173498df0  371       3       jdk.internal.classfile.impl.BufWriterImpl::writeUtfEntry (144 bytes)
Event: 0.386 Thread 0x000001d173498df0 nmethod 371 0x000001d15c7e5f08 code [0x000001d15c7e6200, 0x000001d15c7e7fc8]

GC Heap History (0 events):
No events

Dll operation events (12 events):
Event: 0.038 Loaded shared library C:\Users\Student.B21-LT-11\.jdks\corretto-24.0.2\bin\java.dll
Event: 0.075 Loaded shared library C:\Users\Student.B21-LT-11\.jdks\corretto-24.0.2\bin\jsvml.dll
Event: 0.175 Loaded shared library C:\Users\Student.B21-LT-11\.jdks\corretto-24.0.2\bin\zip.dll
Event: 0.179 Loaded shared library C:\Users\Student.B21-LT-11\.jdks\corretto-24.0.2\bin\instrument.dll
Event: 0.185 Loaded shared library C:\Users\Student.B21-LT-11\.jdks\corretto-24.0.2\bin\net.dll
Event: 0.187 Loaded shared library C:\Users\Student.B21-LT-11\.jdks\corretto-24.0.2\bin\nio.dll
Event: 0.193 Loaded shared library C:\Users\Student.B21-LT-11\.jdks\corretto-24.0.2\bin\zip.dll
Event: 0.261 Loaded shared library C:\Users\Student.B21-LT-11\.jdks\corretto-24.0.2\bin\extnet.dll
Event: 0.295 Loaded shared library C:\Users\Student.B21-LT-11\.jdks\corretto-24.0.2\bin\jimage.dll
Event: 0.315 Loaded shared library C:\Users\Student.B21-LT-11\.jdks\corretto-24.0.2\bin\awt.dll
Event: 0.349 Loaded shared library C:\Users\Student.B21-LT-11\.jdks\corretto-24.0.2\bin\management.dll
Event: 0.375 Loaded shared library C:\Users\Student.B21-LT-11\.jdks\corretto-24.0.2\bin\management_ext.dll

Deoptimization events (20 events):
Event: 0.198 Thread 0x000001d153c87a50 Uncommon trap: trap_request=0xffffffde fr.pc=0x000001d16424f000 relative=0x00000000000006e0
Event: 0.198 Thread 0x000001d153c87a50 Uncommon trap: reason=class_check action=maybe_recompile pc=0x000001d16424f000 method=java.util.HashMap.putVal(ILjava/lang/Object;Ljava/lang/Object;ZZ)Ljava/lang/Object; @ 106 c2
Event: 0.198 Thread 0x000001d153c87a50 DEOPT PACKING pc=0x000001d16424f000 sp=0x000000428eefe0f0
Event: 0.198 Thread 0x000001d153c87a50 DEOPT UNPACKING pc=0x000001d163dc6382 sp=0x000000428eefe078 mode 2
Event: 0.198 Thread 0x000001d153c87a50 Uncommon trap: trap_request=0xffffffde fr.pc=0x000001d16424f000 relative=0x00000000000006e0
Event: 0.198 Thread 0x000001d153c87a50 Uncommon trap: reason=class_check action=maybe_recompile pc=0x000001d16424f000 method=java.util.HashMap.putVal(ILjava/lang/Object;Ljava/lang/Object;ZZ)Ljava/lang/Object; @ 106 c2
Event: 0.198 Thread 0x000001d153c87a50 DEOPT PACKING pc=0x000001d16424f000 sp=0x000000428eefe0f0
Event: 0.198 Thread 0x000001d153c87a50 DEOPT UNPACKING pc=0x000001d163dc6382 sp=0x000000428eefe078 mode 2
Event: 0.199 Thread 0x000001d153c87a50 Uncommon trap: trap_request=0xffffffde fr.pc=0x000001d16424f000 relative=0x00000000000006e0
Event: 0.199 Thread 0x000001d153c87a50 Uncommon trap: reason=class_check action=maybe_recompile pc=0x000001d16424f000 method=java.util.HashMap.putVal(ILjava/lang/Object;Ljava/lang/Object;ZZ)Ljava/lang/Object; @ 106 c2
Event: 0.199 Thread 0x000001d153c87a50 DEOPT PACKING pc=0x000001d16424f000 sp=0x000000428eefe0f0
Event: 0.199 Thread 0x000001d153c87a50 DEOPT UNPACKING pc=0x000001d163dc6382 sp=0x000000428eefe078 mode 2
Event: 0.240 Thread 0x000001d153c87a50 Uncommon trap: trap_request=0xffffff4d fr.pc=0x000001d16425565c relative=0x00000000000000bc
Event: 0.240 Thread 0x000001d153c87a50 Uncommon trap: reason=unstable_if action=reinterpret pc=0x000001d16425565c method=java.lang.String.isLatin1()Z @ 10 c2
Event: 0.240 Thread 0x000001d153c87a50 DEOPT PACKING pc=0x000001d16425565c sp=0x000000428eeff140
Event: 0.240 Thread 0x000001d153c87a50 DEOPT UNPACKING pc=0x000001d163dc6382 sp=0x000000428eeff080 mode 2
Event: 0.382 Thread 0x000001d173484e30 Uncommon trap: trap_request=0xffffff4d fr.pc=0x000001d164258c50 relative=0x0000000000000910
Event: 0.382 Thread 0x000001d173484e30 Uncommon trap: reason=unstable_if action=reinterpret pc=0x000001d164258c50 method=java.util.HashMap.putVal(ILjava/lang/Object;Ljava/lang/Object;ZZ)Ljava/lang/Object; @ 181 c2
Event: 0.382 Thread 0x000001d173484e30 DEOPT PACKING pc=0x000001d164258c50 sp=0x000000428f9fe640
Event: 0.382 Thread 0x000001d173484e30 DEOPT UNPACKING pc=0x000001d163dc6382 sp=0x000000428f9fe5d0 mode 2

Classes loaded (20 events):
Event: 0.385 Loading class sun/awt/OSInfo
Event: 0.385 Loading class sun/awt/OSInfo done
Event: 0.385 Loading class sun/management/RuntimeImpl
Event: 0.385 Loading class sun/awt/OSInfo$WindowsVersion
Event: 0.385 Loading class java/lang/management/RuntimeMXBean
Event: 0.385 Loading class sun/awt/OSInfo$WindowsVersion done
Event: 0.385 Loading class java/lang/management/RuntimeMXBean done
Event: 0.385 Loading class sun/awt/OSInfo$1
Event: 0.386 Loading class sun/management/RuntimeImpl done
Event: 0.386 Loading class sun/awt/OSInfo$1 done
Event: 0.386 Loading class sun/awt/OSInfo$OSType
Event: 0.386 Loading class sun/awt/OSInfo$OSType done
Event: 0.386 Loading class java/util/Collections$2
Event: 0.386 Loading class java/util/Collections$2 done
Event: 0.386 Loading class javax/management/StandardMBean
Event: 0.386 Loading class javax/management/StandardMBean done
Event: 0.386 Loading class javax/management/JMX
Event: 0.386 Loading class javax/management/JMX done
Event: 0.386 Loading class com/sun/jmx/mbeanserver/DescriptorCache
Event: 0.386 Loading class com/sun/jmx/mbeanserver/DescriptorCache done

Classes unloaded (0 events):
No events

Classes redefined (0 events):
No events

Internal exceptions (9 events):
Event: 0.206 Thread 0x000001d153c87a50 Exception <a 'java/lang/NoSuchMethodError'{0x0000000714a675e8}: 'void java.lang.invoke.DirectMethodHandle$Holder.invokeStatic(java.lang.Object, java.lang.Object, java.lang.Object)'> (0x0000000714a675e8) 
thrown [s\src\hotspot\share\interpreter\linkResolver.cpp, line 805]
Event: 0.232 Thread 0x000001d153c87a50 Exception <a 'java/lang/NoSuchMethodError'{0x0000000714a9c1a8}: 'java.lang.Object java.lang.invoke.Invokers$Holder.invokeExact_MT(java.lang.Object, java.lang.Object, java.lang.Object, java.lang.Object, java.lang.Object)'> (0x0000000714a9c1a8) 
thrown [s\src\hotspot\share\interpreter\linkResolver.cpp, line 805]
Event: 0.259 Thread 0x000001d145220790 Exception <a 'java/lang/NoSuchMethodError'{0x0000000714bf0c50}: 'java.lang.Object java.lang.invoke.DirectMethodHandle$Holder.invokeStaticInit(java.lang.Object)'> (0x0000000714bf0c50) 
thrown [s\src\hotspot\share\interpreter\linkResolver.cpp, line 805]
Event: 0.264 Thread 0x000001d145220790 Exception <a 'java/lang/NoSuchMethodError'{0x0000000714bfb8b0}: 'void java.lang.invoke.DirectMethodHandle$Holder.invokeStatic(java.lang.Object, java.lang.Object)'> (0x0000000714bfb8b0) 
thrown [s\src\hotspot\share\interpreter\linkResolver.cpp, line 805]
Event: 0.306 Thread 0x000001d153c87a50 Exception <a 'java/lang/ClassNotFoundException'{0x0000000714aeda00}: sun/awt/resources/spi/awtProvider> (0x0000000714aeda00) 
thrown [s\src\hotspot\share\classfile\systemDictionary.cpp, line 327]
Event: 0.321 Thread 0x000001d153c87a50 Exception <a 'java/io/FileNotFoundException'{0x0000000714609280}> (0x0000000714609280) 
thrown [s\src\hotspot\share\prims\jni.cpp, line 518]
Event: 0.324 Thread 0x000001d153c87a50 Exception <a 'java/io/FileNotFoundException'{0x000000071461bba0}> (0x000000071461bba0) 
thrown [s\src\hotspot\share\prims\jni.cpp, line 518]
Event: 0.382 Thread 0x000001d173484e30 Exception <a 'java/lang/NoSuchMethodError'{0x0000000714920218}: 'int java.lang.invoke.DirectMethodHandle$Holder.invokeInterface(java.lang.Object, java.lang.Object)'> (0x0000000714920218) 
thrown [s\src\hotspot\share\interpreter\linkResolver.cpp, line 805]
Event: 0.383 Thread 0x000001d173484e30 Exception <a 'java/lang/IncompatibleClassChangeError'{0x0000000714927e98}: Found class java.lang.Object, but interface was expected> (0x0000000714927e98) 
thrown [s\src\hotspot\share\interpreter\linkResolver.cpp, line 872]

VM Operations (6 events):
Event: 0.136 Executing VM operation: HandshakeAllThreads (Deoptimize)
Event: 0.136 Executing VM operation: HandshakeAllThreads (Deoptimize) done
Event: 0.357 Executing VM operation: HandshakeAllThreads (Deoptimize)
Event: 0.358 Executing VM operation: HandshakeAllThreads (Deoptimize) done
Event: 0.362 Executing VM operation: HandshakeAllThreads (Deoptimize)
Event: 0.376 Executing VM operation: HandshakeAllThreads (Deoptimize) done

Memory protections (0 events):
No events

Nmethod flushes (0 events):
No events

Events (13 events):
Event: 0.061 Thread 0x000001d153c87a50 Thread added: 0x000001d153c87a50
Event: 0.072 Thread 0x000001d153c87a50 Thread added: 0x000001d17347d050
Event: 0.072 Thread 0x000001d153c87a50 Thread added: 0x000001d1734817b0
Event: 0.073 Thread 0x000001d153c87a50 Thread added: 0x000001d173484300
Event: 0.073 Thread 0x000001d153c87a50 Thread added: 0x000001d173484e30
Event: 0.073 Thread 0x000001d153c87a50 Thread added: 0x000001d1734864d0
Event: 0.073 Thread 0x000001d153c87a50 Thread added: 0x000001d173487ca0
Event: 0.073 Thread 0x000001d153c87a50 Thread added: 0x000001d17348d7d0
Event: 0.073 Thread 0x000001d153c87a50 Thread added: 0x000001d173498df0
Event: 0.183 Thread 0x000001d153c87a50 Thread added: 0x000001d1451b8920
Event: 0.239 Thread 0x000001d153c87a50 Thread added: 0x000001d145220790
Event: 0.239 Thread 0x000001d153c87a50 Thread added: 0x000001d145220ed0
Event: 0.300 Thread 0x000001d173498df0 Thread added: 0x000001d17349ac30


Dynamic libraries:
0x00007ff7921e0000 - 0x00007ff7921ee000 	C:\Users\Student.B21-LT-11\.jdks\corretto-24.0.2\bin\java.exe
0x00007ffb6cce0000 - 0x00007ffb6cf47000 	C:\Windows\SYSTEM32\ntdll.dll
0x00007ffb6b3b0000 - 0x00007ffb6b479000 	C:\Windows\System32\KERNEL32.DLL
0x00007ffb695c0000 - 0x00007ffb699b1000 	C:\Windows\System32\KERNELBASE.dll
0x00007ffb69ca0000 - 0x00007ffb69deb000 	C:\Windows\System32\ucrtbase.dll
0x00007ffb63a50000 - 0x00007ffb63a6e000 	C:\Users\Student.B21-LT-11\.jdks\corretto-24.0.2\bin\VCRUNTIME140.dll
0x00007ffb637d0000 - 0x00007ffb637e7000 	C:\Users\Student.B21-LT-11\.jdks\corretto-24.0.2\bin\jli.dll
0x00007ffb6afc0000 - 0x00007ffb6b185000 	C:\Windows\System32\USER32.dll
0x00007ffb687c0000 - 0x00007ffb68a53000 	C:\Windows\WinSxS\amd64_microsoft.windows.common-controls_6595b64144ccf1df_6.0.26100.8037_none_3e092faae333b53b\COMCTL32.dll
0x00007ffb6a890000 - 0x00007ffb6a8b7000 	C:\Windows\System32\win32u.dll
0x00007ffb6c990000 - 0x00007ffb6ca39000 	C:\Windows\System32\msvcrt.dll
0x00007ffb6b4c0000 - 0x00007ffb6b4eb000 	C:\Windows\System32\GDI32.dll
0x00007ffb6a8c0000 - 0x00007ffb6a9eb000 	C:\Windows\System32\gdi32full.dll
0x00007ffb69f70000 - 0x00007ffb6a013000 	C:\Windows\System32\msvcp_win.dll
0x00007ffb6c880000 - 0x00007ffb6c8b1000 	C:\Windows\System32\IMM32.DLL
0x00007ffb63770000 - 0x00007ffb6377c000 	C:\Users\Student.B21-LT-11\.jdks\corretto-24.0.2\bin\vcruntime140_1.dll
0x00007ffb591c0000 - 0x00007ffb59249000 	C:\Users\Student.B21-LT-11\.jdks\corretto-24.0.2\bin\msvcp140.dll
0x00007ffaeee30000 - 0x00007ffaefca5000 	C:\Users\Student.B21-LT-11\.jdks\corretto-24.0.2\bin\server\jvm.dll
0x00007ffb6c7c0000 - 0x00007ffb6c87b000 	C:\Windows\System32\ADVAPI32.dll
0x00007ffb6aa80000 - 0x00007ffb6ab27000 	C:\Windows\System32\sechost.dll
0x00007ffb6b4f0000 - 0x00007ffb6b608000 	C:\Windows\System32\RPCRT4.dll
0x00007ffb6cc20000 - 0x00007ffb6cc94000 	C:\Windows\System32\WS2_32.dll
0x00007ffb69420000 - 0x00007ffb6947e000 	C:\Windows\SYSTEM32\POWRPROF.dll
0x00007ffb4df10000 - 0x00007ffb4df45000 	C:\Windows\SYSTEM32\WINMM.dll
0x00007ffb5aaa0000 - 0x00007ffb5aaab000 	C:\Windows\SYSTEM32\VERSION.dll
0x00007ffb69400000 - 0x00007ffb69414000 	C:\Windows\SYSTEM32\UMPDC.dll
0x00007ffb678b0000 - 0x00007ffb678cb000 	C:\Windows\SYSTEM32\kernel.appcore.dll
0x00007ffb63760000 - 0x00007ffb6376a000 	C:\Users\Student.B21-LT-11\.jdks\corretto-24.0.2\bin\jimage.dll
0x00007ffb68d90000 - 0x00007ffb68fd2000 	C:\Windows\SYSTEM32\DBGHELP.DLL
0x00007ffb6abc0000 - 0x00007ffb6af42000 	C:\Windows\System32\combase.dll
0x00007ffb6b630000 - 0x00007ffb6b707000 	C:\Windows\System32\OLEAUT32.dll
0x00007ffb59540000 - 0x00007ffb5957b000 	C:\Windows\SYSTEM32\dbgcore.DLL
0x00007ffb69bf0000 - 0x00007ffb69c95000 	C:\Windows\System32\bcryptPrimitives.dll
0x00007ffb636e0000 - 0x00007ffb636f0000 	C:\Users\Student.B21-LT-11\.jdks\corretto-24.0.2\bin\instrument.dll
0x00007ffb5c2d0000 - 0x00007ffb5c2ef000 	C:\Users\Student.B21-LT-11\.jdks\corretto-24.0.2\bin\java.dll
0x00007ffb6c620000 - 0x00007ffb6c7b5000 	C:\Windows\System32\ole32.dll
0x00007ffb6b820000 - 0x00007ffb6bf7f000 	C:\Windows\System32\SHELL32.dll
0x00007ffb699c0000 - 0x00007ffb69b2a000 	C:\Windows\System32\wintypes.dll
0x00007ffb6a020000 - 0x00007ffb6a884000 	C:\Windows\System32\windows.storage.dll
0x00007ffb6bf90000 - 0x00007ffb6c087000 	C:\Windows\System32\SHCORE.dll
0x00007ffb6b340000 - 0x00007ffb6b3a7000 	C:\Windows\System32\shlwapi.dll
0x00007ffb694e0000 - 0x00007ffb69509000 	C:\Windows\SYSTEM32\profapi.dll
0x00007ffb50140000 - 0x00007ffb50217000 	C:\Users\Student.B21-LT-11\.jdks\corretto-24.0.2\bin\jsvml.dll
0x00007ffb5aec0000 - 0x00007ffb5aed7000 	C:\Users\Student.B21-LT-11\.jdks\corretto-24.0.2\bin\zip.dll
0x00007ffb5a180000 - 0x00007ffb5a191000 	C:\Users\Student.B21-LT-11\.jdks\corretto-24.0.2\bin\net.dll
0x00007ffb67ef0000 - 0x00007ffb67f5b000 	C:\Windows\system32\mswsock.dll
0x00007ffb5a160000 - 0x00007ffb5a176000 	C:\Users\Student.B21-LT-11\.jdks\corretto-24.0.2\bin\nio.dll
0x00007ffb636d0000 - 0x00007ffb636d9000 	C:\Users\Student.B21-LT-11\.jdks\corretto-24.0.2\bin\extnet.dll
0x00007ffb67100000 - 0x00007ffb6722a000 	C:\Windows\SYSTEM32\DNSAPI.dll
0x00007ffb670c0000 - 0x00007ffb670f3000 	C:\Windows\SYSTEM32\IPHLPAPI.DLL
0x00007ffb6afb0000 - 0x00007ffb6afba000 	C:\Windows\System32\NSI.dll
0x00007ffb5af50000 - 0x00007ffb5af5b000 	C:\Windows\System32\rasadhlp.dll
0x00007ffb46af0000 - 0x00007ffb46c73000 	C:\Users\Student.B21-LT-11\.jdks\corretto-24.0.2\bin\awt.dll
0x00007ffb65840000 - 0x00007ffb658df000 	C:\Windows\SYSTEM32\apphelp.dll
0x00007ffb61a80000 - 0x00007ffb61b06000 	C:\Windows\System32\fwpuclnt.dll
0x00007ffb5caf0000 - 0x00007ffb5cafa000 	C:\Users\Student.B21-LT-11\.jdks\corretto-24.0.2\bin\management.dll
0x00007ffb5aeb0000 - 0x00007ffb5aebc000 	C:\Users\Student.B21-LT-11\.jdks\corretto-24.0.2\bin\management_ext.dll
0x00007ffb6b4b0000 - 0x00007ffb6b4b8000 	C:\Windows\System32\PSAPI.DLL
0x00007ffb65b90000 - 0x00007ffb65c3a000 	C:\Windows\system32\uxtheme.dll
0x00007ffb6b190000 - 0x00007ffb6b2ed000 	C:\Windows\System32\MSCTF.dll

JVMTI agents:
C:\Users\Student.B21-LT-11\AppData\Local\Programs\IntelliJ IDEA 2026.1\lib\idea_rt.jar path:C:\Users\Student.B21-LT-11\.jdks\corretto-24.0.2\bin\instrument.dll, loaded, initialized, instrumentlib options:58120

dbghelp: loaded successfully - version: 4.0.5 - missing functions: none
symbol engine: initialized successfully - sym options: 0x614 - pdb path: .;C:\Users\Student.B21-LT-11\.jdks\corretto-24.0.2\bin;C:\Windows\SYSTEM32;C:\Windows\WinSxS\amd64_microsoft.windows.common-controls_6595b64144ccf1df_6.0.26100.8037_none_3e092faae333b53b;C:\Users\Student.B21-LT-11\.jdks\corretto-24.0.2\bin\server

VM Arguments:
jvm_args: -javaagent:C:\Users\Student.B21-LT-11\AppData\Local\Programs\IntelliJ IDEA 2026.1\lib\idea_rt.jar=58120 -Dfile.encoding=UTF-8 -Dsun.stdout.encoding=UTF-8 -Dsun.stderr.encoding=UTF-8 
java_command: org.example.Main
java_class_path (initial): C:\Users\Student.B21-LT-11\IdeaProjects\Map-of-all-Robotics-Teams\target\classes;C:\Users\Student.B21-LT-11\.m2\repository\org\jxmapviewer\jxmapviewer2\2.8\jxmapviewer2-2.8.jar;C:\Users\Student.B21-LT-11\.m2\repository\commons-logging\commons-logging\1.2\commons-logging-1.2.jar;C:\Users\Student.B21-LT-11\.m2\repository\com\google\code\gson\gson\2.11.0\gson-2.11.0.jar;C:\Users\Student.B21-LT-11\.m2\repository\com\google\errorprone\error_prone_annotations\2.27.0\error_prone_annotations-2.27.0.jar
Launcher Type: SUN_STANDARD

[Global flags]
     intx CICompilerCount                          = 4                                         {product} {ergonomic}
     uint ConcGCThreads                            = 2                                         {product} {ergonomic}
     uint G1ConcRefinementThreads                  = 8                                         {product} {ergonomic}
   size_t G1HeapRegionSize                         = 2097152                                   {product} {ergonomic}
   size_t InitialHeapSize                          = 264241152                                 {product} {ergonomic}
   size_t MarkStackSize                            = 4194304                                   {product} {ergonomic}
   size_t MarkStackSizeMax                         = 536870912                                 {product} {ergonomic}
   size_t MaxHeapSize                              = 4208984064                                {product} {ergonomic}
   size_t MaxNewSize                               = 2524971008                                {product} {ergonomic}
   size_t MinHeapDeltaBytes                        = 2097152                                   {product} {ergonomic}
   size_t MinHeapSize                              = 8388608                                   {product} {ergonomic}
    uintx NonNMethodCodeHeapSize                   = 5832704                                {pd product} {ergonomic}
    uintx NonProfiledCodeHeapSize                  = 122945536                              {pd product} {ergonomic}
    uintx ProfiledCodeHeapSize                     = 122880000                              {pd product} {ergonomic}
    uintx ReservedCodeCacheSize                    = 251658240                              {pd product} {ergonomic}
     bool SegmentedCodeCache                       = true                                      {product} {ergonomic}
   size_t SoftMaxHeapSize                          = 4208984064                             {manageable} {ergonomic}
     bool UseCompressedOops                        = true                           {product lp64_product} {ergonomic}
     bool UseG1GC                                  = true                                      {product} {ergonomic}
     bool UseLargePagesIndividualAllocation        = false                                  {pd product} {ergonomic}

Logging:
Log output configuration:
 #0: stdout all=warning uptime,level,tags foldmultilines=false
 #1: stderr all=off uptime,level,tags foldmultilines=false

Environment Variables:
PATH=C:\Windows\system32;C:\Windows;C:\Windows\System32\Wbem;C:\Windows\System32\WindowsPowerShell\v1.0\;C:\Windows\System32\OpenSSH\;C:\Program Files\dotnet\;C:\Users\Student.B21-LT-11\AppData\Local\Microsoft\WindowsApps;C:\Users\Student.B21-LT-11\AppData\Local\Programs\Git\cmd
USERNAME=Student
OS=Windows_NT
PROCESSOR_IDENTIFIER=Intel64 Family 6 Model 142 Stepping 12, GenuineIntel
TMP=C:\Users\STUDEN~1.B21\AppData\Local\Temp
TEMP=C:\Users\STUDEN~1.B21\AppData\Local\Temp




Periodic native trim disabled

---------------  S Y S T E M  ---------------

OS:
 Windows 11 , 64 bit Build 26100 (10.0.26100.7920)
OS uptime: 50 days 2:02 hours
Hyper-V role detected

CPU: total 8 (initial active 8) (4 cores per cpu, 2 threads per core) family 6 model 142 stepping 12 microcode 0x100, cx8, cmov, fxsr, ht, mmx, 3dnowpref, sse, sse2, sse3, ssse3, sse4.1, sse4.2, popcnt, lzcnt, tsc, tscinvbit, avx, avx2, aes, erms, clmul, bmi1, bmi2, adx, fma, vzeroupper, clflush, clflushopt, hv, rdtscp, f16c
Processor Information for the first 8 processors :
  Max Mhz: 2208, Current Mhz: 1706, Mhz Limit: 1700

Memory: 4k page, system-wide physical 16050M (6394M free)
TotalPageFile size 17074M (AvailPageFile size 5803M)
current process WorkingSet (physical memory assigned to process): 64M, peak: 64M
current process commit charge ("private bytes"): 353M, peak: 354M

vm_info: OpenJDK 64-Bit Server VM (24.0.2+12-FR) for windows-amd64 JRE (24.0.2+12-FR), built on 2025-07-11T01:41:34Z with unknown MS VC++:1944

END.
